// Jest Snapshot v1, https://goo.gl/fbAQLP

exports[`should render EditExpensePage 1`] = `
<div>
  <ExpenseForm
    expense={
      Object {
        "amount": 188.99,
        "createdAt": 432000000,
        "description": "dentist",
        "id": "3",
        "note": "broken tooth",
      }
    }
    onSubmit={[Function]}
  />
  <button
    onClick={[Function]}
  >
    Remove
  </button>
</div>
`;
