// Jest Snapshot v1, https://goo.gl/fbAQLP

exports[`shows expense list item component 1`] = `
<div>
  <Link
    to="/edit/1"
  >
    <h3>
      GUS
    </h3>
  </Link>
  <p>
    43
     - 
    0
  </p>
</div>
`;
