// Jest Snapshot v1, https://goo.gl/fbAQLP

exports[`should render header correctly 1`] = `
<div>
  NOt found! 404 
  <Link
    to="/"
  >
    Home page
  </Link>
</div>
`;
